........................................................................ [  4%]
........................................................................ [  8%]
........................................................................ [ 12%]
........................................................................ [ 16%]
........................................................................ [ 20%]
........................................................................ [ 24%]
........................................................................ [ 28%]
........................................................................ [ 32%]
........................................................................ [ 36%]
........................................................................ [ 40%]
........................................................................ [ 44%]
........................................................................ [ 48%]
........................................................................ [ 52%]
........................................................................ [ 56%]
........................................................................ [ 60%]
........................................................................ [ 64%]
........................................................................ [ 68%]
........................................................................ [ 72%]
.......s................................................................ [ 76%]
........................................................................ [ 80%]
........................................................................ [ 84%]
................F....................................................... [ 88%]
........................................................................ [ 92%]
........................................................................ [ 97%]
.....................................................                    [100%]
================================== FAILURES ===================================
______ test_deployment_artifact_reference_context_includes_safe_metadata ______
tests\test_task_runs.py:4615: in test_deployment_artifact_reference_context_includes_safe_metadata
    assert "[redacted]" in reference["metadata"]["logsSummary"]
E   AssertionError: assert '[redacted]' in ['Vercel provider missing config.', '[protected] should not leak']
============================== warnings summary ===============================
app\models.py:14: 4 warnings
tests/test_adapters.py: 308 warnings
tests/test_agent_directory.py: 30 warnings
tests/test_agent_profile_drafts.py: 24 warnings
tests/test_agent_runtime_config.py: 211 warnings
tests/test_agent_selection_policy.py: 54 warnings
tests/test_agent_system_prompt.py: 20 warnings
tests/test_artifact_scope_guards.py: 288 warnings
tests/test_artifact_workbench.py: 5 warnings
tests/test_artifact_workbench_api.py: 48 warnings
tests/test_artifact_workbench_edit_api.py: 52 warnings
tests/test_chat_events.py: 182 warnings
tests/test_claude_code_adapter.py: 159 warnings
tests/test_claude_native_execution.py: 4 warnings
tests/test_codex_adapter.py: 178 warnings
tests/test_cross_provider_rehearsal.py: 43 warnings
tests/test_custom_agents.py: 313 warnings
tests/test_dag_integration.py: 3529 warnings
tests/test_deployments.py: 305 warnings
tests/test_diffs.py: 107 warnings
tests/test_events.py: 4 warnings
tests/test_execution_worktrees.py: 518 warnings
tests/test_external_benchmark.py: 748 warnings
tests/test_external_evidence.py: 59 warnings
tests/test_external_memory_scan.py: 14 warnings
tests/test_external_reviews.py: 50 warnings
tests/test_external_workspaces.py: 35 warnings
tests/test_failure_recovery.py: 154 warnings
tests/test_group_auto_execution.py: 1890 warnings
tests/test_group_planning.py: 2311 warnings
tests/test_group_result_summary.py: 4878 warnings
tests/test_guardrails.py: 32 warnings
tests/test_live_memory_compliance.py: 45 warnings
tests/test_llm_planner.py: 239 warnings
tests/test_memory_evals.py: 33 warnings
tests/test_memory_rehearsal.py: 81 warnings
tests/test_memory_retrieval.py: 39 warnings
tests/test_memory_rule_budget.py: 329 warnings
tests/test_memory_snapshot_consistency.py: 909 warnings
tests/test_memory_store.py: 13 warnings
tests/test_memory_write_policy.py: 75 warnings
tests/test_models.py: 10 warnings
tests/test_native_review_artifacts.py: 843 warnings
tests/test_p18b_workflow_rehearsal.py: 44 warnings
tests/test_parallel_dispatcher.py: 74 warnings
tests/test_parallel_rehearsal.py: 919 warnings
tests/test_pinned_message_context.py: 211 warnings
tests/test_planner_contracts.py: 30 warnings
tests/test_planning.py: 2105 warnings
tests/test_pmo_decisions.py: 71 warnings
tests/test_previews.py: 168 warnings
tests/test_project_analyzer.py: 1 warning
tests/test_project_provisioning.py: 31 warnings
tests/test_provider_gateway_contract.py: 29 warnings
tests/test_recovery.py: 91 warnings
tests/test_run_diagnostics.py: 202 warnings
tests/test_scheduler.py: 435 warnings
tests/test_scripted_mock_adapter.py: 867 warnings
tests/test_session_organization.py: 78 warnings
tests/test_session_queue.py: 115 warnings
tests/test_sessions.py: 42 warnings
tests/test_target_locks.py: 659 warnings
tests/test_target_registry.py: 4 warnings
tests/test_task_runs.py: 9303 warnings
tests/test_transactional_delivery.py: 26 warnings
  X:\Git_Clone\AgentHub\apps\api\app\models.py:14: DeprecationWarning: datetime.datetime.utcnow() is deprecated and scheduled for removal in a future version. Use timezone-aware objects to represent datetimes in UTC: datetime.datetime.now(datetime.UTC).
    return datetime.utcnow()

-- Docs: https://docs.pytest.org/en/stable/how-to/capture-warnings.html
=========================== short test summary info ===========================
FAILED tests/test_task_runs.py::test_deployment_artifact_reference_context_includes_safe_metadata
1 failed, 1779 passed, 1 skipped, 34678 warnings in 602.05s (0:10:02)
